[   10283ms] [LOG] Search insight adopter values set to {"appId":"docs","prefix":"docs"} @ https://www.ibm.com/marketplace/static/components/search/insights/ibm-search-insights.js:28
[   10283ms] [LOG] Search insight adopter values set to {"appId":"docs","prefix":"docs"} @ https://www.ibm.com/marketplace/static/components/search/insights/ibm-search-insights.js:28
[   10701ms] [ERROR] Refused to set unsafe header "origin" @ https://1.www.s81c.com/docs/static/index_bundle.js.br:182
[   10922ms] [ERROR] Failed to load resource: the server responded with a status of 404 () @ https://1.www.s81c.com/common/js/dynamicnav/www/countrylist/jsononly/fifi-utf8.json:0
[   10923ms] [ERROR] Failed to load resource: the server responded with a status of 404 () @ https://1.www.s81c.com/common/carbon-for-ibm-dotcom/translations/masthead-footer/v2.1/fifi.json:0
[   10924ms] [ERROR] Refused to set unsafe header "origin" @ https://1.www.s81c.com/docs/static/index_bundle.js.br:182
[   10955ms] [LOG] ReferenceError: ineum is not defined
    at https://tags.tiqcdn.com/utag/ibm/web/prod/utag.js:245:514
    at https://tags.tiqcdn.com/utag/ibm/web/prod/utag.js:248:232 @ https://tags.tiqcdn.com/utag/ibm/web/prod/utag.js:247
[   11545ms] [LOG] WARN: Could not find the language 'plaintext-ibm', did you forget to load/include a language module? @ https://1.www.s81c.com/docs/static/index_bundle.js.br:182
[   11545ms] [LOG] WARN: Falling back to no-highlight mode for this block. JSHandle@node @ https://1.www.s81c.com/docs/static/index_bundle.js.br:182
[   11545ms] [LOG] WARN: Could not find the language 'plaintext-ibm', did you forget to load/include a language module? @ https://1.www.s81c.com/docs/static/index_bundle.js.br:182
[   11545ms] [LOG] WARN: Falling back to no-highlight mode for this block. JSHandle@node @ https://1.www.s81c.com/docs/static/index_bundle.js.br:182
[   11545ms] [LOG] WARN: Could not find the language 'plaintext-ibm', did you forget to load/include a language module? @ https://1.www.s81c.com/docs/static/index_bundle.js.br:182
[   11545ms] [LOG] WARN: Falling back to no-highlight mode for this block. JSHandle@node @ https://1.www.s81c.com/docs/static/index_bundle.js.br:182
[   11545ms] [LOG] WARN: Could not find the language 'plaintext-ibm', did you forget to load/include a language module? @ https://1.www.s81c.com/docs/static/index_bundle.js.br:182
[   11545ms] [LOG] WARN: Falling back to no-highlight mode for this block. JSHandle@node @ https://1.www.s81c.com/docs/static/index_bundle.js.br:182
[   11545ms] [LOG] WARN: Could not find the language 'plaintext-ibm', did you forget to load/include a language module? @ https://1.www.s81c.com/docs/static/index_bundle.js.br:182
[   11545ms] [LOG] WARN: Falling back to no-highlight mode for this block. JSHandle@node @ https://1.www.s81c.com/docs/static/index_bundle.js.br:182
[   11545ms] [LOG] WARN: Could not find the language 'plaintext-ibm', did you forget to load/include a language module? @ https://1.www.s81c.com/docs/static/index_bundle.js.br:182
[   11545ms] [LOG] WARN: Falling back to no-highlight mode for this block. JSHandle@node @ https://1.www.s81c.com/docs/static/index_bundle.js.br:182
[   11545ms] [LOG] WARN: Could not find the language 'plaintext-ibm', did you forget to load/include a language module? @ https://1.www.s81c.com/docs/static/index_bundle.js.br:182
[   11545ms] [LOG] WARN: Falling back to no-highlight mode for this block. JSHandle@node @ https://1.www.s81c.com/docs/static/index_bundle.js.br:182
[   11545ms] [LOG] WARN: Could not find the language 'plaintext-ibm', did you forget to load/include a language module? @ https://1.www.s81c.com/docs/static/index_bundle.js.br:182
[   11545ms] [LOG] WARN: Falling back to no-highlight mode for this block. JSHandle@node @ https://1.www.s81c.com/docs/static/index_bundle.js.br:182
[   11545ms] [LOG] WARN: Could not find the language 'plaintext-ibm', did you forget to load/include a language module? @ https://1.www.s81c.com/docs/static/index_bundle.js.br:182
[   11546ms] [LOG] WARN: Falling back to no-highlight mode for this block. JSHandle@node @ https://1.www.s81c.com/docs/static/index_bundle.js.br:182
[   11546ms] [LOG] WARN: Could not find the language 'plaintext-ibm', did you forget to load/include a language module? @ https://1.www.s81c.com/docs/static/index_bundle.js.br:182
[   11546ms] [LOG] WARN: Falling back to no-highlight mode for this block. JSHandle@node @ https://1.www.s81c.com/docs/static/index_bundle.js.br:182
[   14636ms] [ERROR] TypeError: Cannot read properties of null (reading 'sendMessage')
    at ft.sendMessage (https://www.gstatic.com/og/_/js/k=og.asy.en_US.jfVkJuTs80Y.2019.O/rt=j/m=_ac,_awd,ada,lldp,qads/exm=/d=1/ed=1/rs=AA2YrTtgSW9RJdXIYWwcYAK_1YQaAJwqZA:459:482)
    at ft.Rd (https://www.gstatic.com/og/_/js/k=og.asy.en_US.jfVkJuTs80Y.2019.O/rt=j/m=_ac,_awd,ada,lldp,qads/exm=/d=1/ed=1/rs=AA2YrTtgSW9RJdXIYWwcYAK_1YQaAJwqZA:470:17)
    at X.C (https://www.gstatic.com/og/_/js/k=og.asy.en_US.jfVkJuTs80Y.2019.O/rt=j/m=_ac,_awd,ada,lldp,qads/exm=/d=1/ed=1/rs=AA2YrTtgSW9RJdXIYWwcYAK_1YQaAJwqZA:530:314)
    at oMd (https://www.google.com/xjs/_/js/k=xjs.s.en_GB.W_yqaqd9O-4.2019.O/ck=xjs.s.oURiiuQ3waI.L.B1.O/am=AAAQAAAABAEAAAAAAAAAAAAQAIAIAAAAAAAAAAAAAAAAAAAAgAAgAAAAAQAAAAAAAAAAAAEAAAAAEAAAAAAAhBAAAAIAAEEABAAAgBIAIAAAEAmIAMAEAAAAAAAAABTqAwgAYAAAAAAAwAOAAUIEAAAAAAAAAAAAECBAAAJIAAAAAAAAAAABAAAAABAAAAAAAQAAAAAGAAQAAAEkAQAAACoUAABAAABAAAAAAAAAAAAARBAgAAAAIAEJAADgb_MN9AAAAABgAAAAAAAABAAAAAAAAAAIAAAAwEAiDTAAAAAAAIAwYgEQAADBAAAAAUBAAAQAAAAAAAAAgQRAAAAEDAAQAACAAQAAAAAAAAAICCAIhQAACAAKQEAAAUAA4AAQAAAAAAAAgIAAAAAAAEAAAEAAAAICEAIIAAAAAAAFAAAACkAAAABADgAAAAAAAAAEEgAIQACAEWQAABIFABABAAgQwIAAABEAAAAAoAAIIMEPAARAAAAAAACAEwAAAABAQAAAAAAJAFgCgQAAAwAAAIAcAI8H4BBBAQAAAAAAAAAAAAAAAAAAAAAAAAAIgAIYB5JfEAABAAAAAAAAAAAAAAAAAAAAAAAAAAAAgBThKQAAAAAAgK0BAAE/d=0/dg=0/br=1/ujg=1/rs=ACT90oHvSLqM1bhmIbTpcBPiuDfa7I6lGw/cb=loaded_h_0/m=sy96,byfTOb,lsjVmc,LEikZe,sy94,kWgXee,ovKuLd,sgY6Zb,qafBPd,ebZ3mb,dowIGb,sy69q,sy3dx,DpX64d,uKlGbf,sy69r,EufiNb,sy1ml,gHhSjd,sy1mo,uUzMF,kN1Sic,sy1ms,sy1mp,Zby8rf,sy9qi,sy5li,zmptHf,sy3i4,w4UyN,sy3uo,sy3tk,sy3um,sy9mj,sy9mi,sy9mh,sy854,sy7y1,sy7wn,sy7v8,sy7v5,sy7u1,sy7t9,sy7g8,sy789,sy75u,sy70m,sy708,sy707,sy706,sy6yn,sy6yk,sy6yj,sy6ya,sy6ws,sy6t2,sy6rq,sy6ro,sy6rc,sy6iz,sy5w0,sy5vu,sy4y0,sy4sv,sy4g6,sy4dj,sy4cz,sy4cu,sy3uy,sy3u8,sy29r,sy29q,mGCtob,Snahre,sy1qx,sy9mg,QtOnSd,kNibNd,phtgnf,hvtMT,u09RR,HTSAKd,sy5p5,sy3uu,yMpBcb,sy3t8,y9WHyc,NJJMEe,QMVPaf,L8KGxe,wV5Pjc,ZNKFGf,sy1qu,sy1ue,sy1qw,g9xvRd,sy3uw,sy3uv,sy3v2,sy3ux,sy5f0,sy54n,sy4ze,sy4by,sy3v1,sy3ut,sy3ur,PJdUfd,sy3u9,sy18h,sy17y,sy3ua,sy3ub,sy3t9,sy17n,sy17k,sy17j,sy15y,sy17l,sy17a,sy17b,sy179,sy172,sy173,sy171,sy170,sy17o,sy17p,sy177,sy178,sy16z,sy174,sy1bk,sy39t,sy13q,sy13r,syhg,sy3uq,sy3u3,sy2qh,syuw,sy3u4,sy3ud,sy3u2,sy3tl,sy3in,sy3im,sy3ih,sy22p,Sp69O,OoK5v,PMS6Sd,rmWaj,KkR2Z,Um3uqc,syzu,syxv,sywd,Mbif2,ipWLfe,sy352,sy351,Kqhykb,CIZTGb,sy1qt,sy1qq,sy1qr,sy1qn,sy1qo,sy1ql,HIg7cd,syzx,QVaUhf,sy1r1,sy1r0,sy1qy,sy1qz,SJpD2c,eAR4Hf,sy6a9,nN2e1e,kQvlef,sy38p,WlNQGd,sy1wh,sy1xf,Tia57b,KpRAue,X8jtef,sy6aa,OXpAmf,sy5pu,sy37m,sy15l,syv7,syp5,sy1vb,sy1v9,sy1vc,sy5pt?cb=121509378&xjs=s3:612:154)
    at https://www.google.com/xjs/_/js/k=xjs.s.en_GB.W_yqaqd9O-4.2019.O/ck=xjs.s.oURiiuQ3waI.L.B1.O/am=AAAQAAAABAEAAAAAAAAAAAAQAIAIAAAAAAAAAAAAAAAAAAAAgAAgAAAAAQAAAAAAAAAAAAEAAAAAEAAAAAAAhBAAAAIAAEEABAAAgBIAIAAAEAmIAMAEAAAAAAAAABTqAwgAYAAAAAAAwAOAAUIEAAAAAAAAAAAAECBAAAJIAAAAAAAAAAABAAAAABAAAAAAAQAAAAAGAAQAAAEkAQAAACoUAABAAABAAAAAAAAAAAAARBAgAAAAIAEJAADgb_MN9AAAAABgAAAAAAAABAAAAAAAAAAIAAAAwEAiDTAAAAAAAIAwYgEQAADBAAAAAUBAAAQAAAAAAAAAgQRAAAAEDAAQAACAAQAAAAAAAAAICCAIhQAACAAKQEAAAUAA4AAQAAAAAAAAgIAAAAAAAEAAAEAAAAICEAIIAAAAAAAFAAAACkAAAABADgAAAAAAAAAEEgAIQACAEWQAABIFABABAAgQwIAAABEAAAAAoAAIIMEPAARAAAAAAACAEwAAAABAQAAAAAAJAFgCgQAAAwAAAIAcAI8H4BBBAQAAAAAAAAAAAAAAAAAAAAAAAAAIgAIYB5JfEAABAAAAAAAAAAAAAAAAAAAAAAAAAAAAgBThKQAAAAAAgK0BAAE/d=0/dg=0/br=1/ujg=1/rs=ACT90oHvSLqM1bhmIbTpcBPiuDfa7I6lGw/cb=loaded_h_0/m=sy96,byfTOb,lsjVmc,LEikZe,sy94,kWgXee,ovKuLd,sgY6Zb,qafBPd,ebZ3mb,dowIGb,sy69q,sy3dx,DpX64d,uKlGbf,sy69r,EufiNb,sy1ml,gHhSjd,sy1mo,uUzMF,kN1Sic,sy1ms,sy1mp,Zby8rf,sy9qi,sy5li,zmptHf,sy3i4,w4UyN,sy3uo,sy3tk,sy3um,sy9mj,sy9mi,sy9mh,sy854,sy7y1,sy7wn,sy7v8,sy7v5,sy7u1,sy7t9,sy7g8,sy789,sy75u,sy70m,sy708,sy707,sy706,sy6yn,sy6yk,sy6yj,sy6ya,sy6ws,sy6t2,sy6rq,sy6ro,sy6rc,sy6iz,sy5w0,sy5vu,sy4y0,sy4sv,sy4g6,sy4dj,sy4cz,sy4cu,sy3uy,sy3u8,sy29r,sy29q,mGCtob,Snahre,sy1qx,sy9mg,QtOnSd,kNibNd,phtgnf,hvtMT,u09RR,HTSAKd,sy5p5,sy3uu,yMpBcb,sy3t8,y9WHyc,NJJMEe,QMVPaf,L8KGxe,wV5Pjc,ZNKFGf,sy1qu,sy1ue,sy1qw,g9xvRd,sy3uw,sy3uv,sy3v2,sy3ux,sy5f0,sy54n,sy4ze,sy4by,sy3v1,sy3ut,sy3ur,PJdUfd,sy3u9,sy18h,sy17y,sy3ua,sy3ub,sy3t9,sy17n,sy17k,sy17j,sy15y,sy17l,sy17a,sy17b,sy179,sy172,sy173,sy171,sy170,sy17o,sy17p,sy177,sy178,sy16z,sy174,sy1bk,sy39t,sy13q,sy13r,syhg,sy3uq,sy3u3,sy2qh,syuw,sy3u4,sy3ud,sy3u2,sy3tl,sy3in,sy3im,sy3ih,sy22p,Sp69O,OoK5v,PMS6Sd,rmWaj,KkR2Z,Um3uqc,syzu,syxv,sywd,Mbif2,ipWLfe,sy352,sy351,Kqhykb,CIZTGb,sy1qt,sy1qq,sy1qr,sy1qn,sy1qo,sy1ql,HIg7cd,syzx,QVaUhf,sy1r1,sy1r0,sy1qy,sy1qz,SJpD2c,eAR4Hf,sy6a9,nN2e1e,kQvlef,sy38p,WlNQGd,sy1wh,sy1xf,Tia57b,KpRAue,X8jtef,sy6aa,OXpAmf,sy5pu,sy37m,sy15l,syv7,syp5,sy1vb,sy1v9,sy1vc,sy5pt?cb=121509378&xjs=s3:613:30
    at https://www.google.com/xjs/_/js/k=xjs.s.en_GB.W_yqaqd9O-4.2019.O/ck=xjs.s.oURiiuQ3waI.L.B1.O/am=AAAQAAAABAEAAAAAAAAAAAAQAIAIAAAAAAAAAAAAAAAAAAAAgAAgAAAAAQAAAAAAAAAAAAEAAAAAEAAAAAAAhBAAAAIAAEEABAAAgBIAIAAAEAmIAMAEAAAAAAAAABTqAwgAYAAAAAAAwAOAAUIEAAAAAAAAAAAAECBAAAJIAAAAAAAAAAABAAAAABAAAAAAAQAAAAAGAAQAAAEkAQAAACoUAABAAABAAAAAAAAAAAAARBAgAAAAIAEJAADgb_MN9AAAAABgAAAAAAAABAAAAAAAAAAIAAAAwEAiDTAAAAAAAIAwYgEQAADBAAAAAUBAAAQAAAAAAAAAgQRAAAAEDAAQAACAAQAAAAAAAAAICCAIhQAACAAKQEAAAUAA4AAQAAAAAAAAgIAAAAAAAEAAAEAAAAICEAIIAAAAAAAFAAAACkAAAABADgAAAAAAAAAEEgAIQACAEWQAABIFABABAAgQwIAAABEAAAAAoAAIIMEPAARAAAAAAACAEwAAAABAQAAAAAAJAFgCgQAAAwAAAIAcAI8H4BBBAQAAAAAAAAAAAAAAAAAAAAAAAAAIgAIYB5JfEAABAAAAAAAAAAAAAAAAAAAAAAAAAAAAgBThKQAAAAAAgK0BAAE/d=0/dg=0/br=1/ujg=1/rs=ACT90oHvSLqM1bhmIbTpcBPiuDfa7I6lGw/cb=loaded_h_0/m=sy96,byfTOb,lsjVmc,LEikZe,sy94,kWgXee,ovKuLd,sgY6Zb,qafBPd,ebZ3mb,dowIGb,sy69q,sy3dx,DpX64d,uKlGbf,sy69r,EufiNb,sy1ml,gHhSjd,sy1mo,uUzMF,kN1Sic,sy1ms,sy1mp,Zby8rf,sy9qi,sy5li,zmptHf,sy3i4,w4UyN,sy3uo,sy3tk,sy3um,sy9mj,sy9mi,sy9mh,sy854,sy7y1,sy7wn,sy7v8,sy7v5,sy7u1,sy7t9,sy7g8,sy789,sy75u,sy70m,sy708,sy707,sy706,sy6yn,sy6yk,sy6yj,sy6ya,sy6ws,sy6t2,sy6rq,sy6ro,sy6rc,sy6iz,sy5w0,sy5vu,sy4y0,sy4sv,sy4g6,sy4dj,sy4cz,sy4cu,sy3uy,sy3u8,sy29r,sy29q,mGCtob,Snahre,sy1qx,sy9mg,QtOnSd,kNibNd,phtgnf,hvtMT,u09RR,HTSAKd,sy5p5,sy3uu,yMpBcb,sy3t8,y9WHyc,NJJMEe,QMVPaf,L8KGxe,wV5Pjc,ZNKFGf,sy1qu,sy1ue,sy1qw,g9xvRd,sy3uw,sy3uv,sy3v2,sy3ux,sy5f0,sy54n,sy4ze,sy4by,sy3v1,sy3ut,sy3ur,PJdUfd,sy3u9,sy18h,sy17y,sy3ua,sy3ub,sy3t9,sy17n,sy17k,sy17j,sy15y,sy17l,sy17a,sy17b,sy179,sy172,sy173,sy171,sy170,sy17o,sy17p,sy177,sy178,sy16z,sy174,sy1bk,sy39t,sy13q,sy13r,syhg,sy3uq,sy3u3,sy2qh,syuw,sy3u4,sy3ud,sy3u2,sy3tl,sy3in,sy3im,sy3ih,sy22p,Sp69O,OoK5v,PMS6Sd,rmWaj,KkR2Z,Um3uqc,syzu,syxv,sywd,Mbif2,ipWLfe,sy352,sy351,Kqhykb,CIZTGb,sy1qt,sy1qq,sy1qr,sy1qn,sy1qo,sy1ql,HIg7cd,syzx,QVaUhf,sy1r1,sy1r0,sy1qy,sy1qz,SJpD2c,eAR4Hf,sy6a9,nN2e1e,kQvlef,sy38p,WlNQGd,sy1wh,sy1xf,Tia57b,KpRAue,X8jtef,sy6aa,OXpAmf,sy5pu,sy37m,sy15l,syv7,syp5,sy1vb,sy1v9,sy1vc,sy5pt?cb=121509378&xjs=s3:572:932
    at _.Nh.v (https://www.gstatic.com/og/_/js/k=og.asy.en_US.jfVkJuTs80Y.2019.O/rt=j/m=_ac,_awd,ada,lldp,qads/exm=/d=1/ed=1/rs=AA2YrTtgSW9RJdXIYWwcYAK_1YQaAJwqZA:128:285)
    at Array.forEach (<anonymous>)
    at _.Vd (https://www.gstatic.com/og/_/js/k=og.asy.en_US.jfVkJuTs80Y.2019.O/rt=j/m=_ac,_awd,ada,lldp,qads/exm=/d=1/ed=1/rs=AA2YrTtgSW9RJdXIYWwcYAK_1YQaAJwqZA:69:881)
    at Ph (https://www.gstatic.com/og/_/js/k=og.asy.en_US.jfVkJuTs80Y.2019.O/rt=j/m=_ac,_awd,ada,lldp,qads/exm=/d=1/ed=1/rs=AA2YrTtgSW9RJdXIYWwcYAK_1YQaAJwqZA:127:680) @ https://www.gstatic.com/og/_/js/k=og.asy.en_US.jfVkJuTs80Y.2019.O/rt=j/m=_ac,_awd,ada,lldp,qads/exm=/d=1/ed=1/rs=AA2YrTtgSW9RJdXIYWwcYAK_1YQaAJwqZA:126
[   17026ms] [ERROR] Failed to load resource: net::ERR_NAME_NOT_RESOLVED @ https://d1agz031tafz8n.cloudfront.net/thedaywefightback.js/widget.min.js:0
[   17182ms] [ERROR] Failed to load resource: the server responded with a status of 404 (Not Found) @ https://crackstation.net/css/images/undergrad-inverted.png:0
[   17967ms] [ERROR] Framing 'https://www.google.com/' violates the following report-only Content Security Policy directive: "frame-ancestors 'self'". The violation has been logged, but no further action has been taken.
 @ :0
[   27882ms] [ERROR] Failed to load resource: net::ERR_NAME_NOT_RESOLVED @ https://d1agz031tafz8n.cloudfront.net/thedaywefightback.js/widget.min.js:0
[   36725ms] [ERROR] Failed to load resource: net::ERR_NAME_NOT_RESOLVED @ https://d1agz031tafz8n.cloudfront.net/thedaywefightback.js/widget.min.js:0
[  111486ms] [ERROR] Failed to load resource: net::ERR_NAME_NOT_RESOLVED @ https://d1agz031tafz8n.cloudfront.net/thedaywefightback.js/widget.min.js:0
[  160800ms] [ERROR] Failed to load resource: net::ERR_NAME_NOT_RESOLVED @ https://d1agz031tafz8n.cloudfront.net/thedaywefightback.js/widget.min.js:0
[  162004ms] [ERROR] Failed to load resource: net::ERR_NAME_NOT_RESOLVED @ https://d1agz031tafz8n.cloudfront.net/thedaywefightback.js/widget.min.js:0
[  163396ms] [ERROR] Failed to load resource: net::ERR_NAME_NOT_RESOLVED @ https://d1agz031tafz8n.cloudfront.net/thedaywefightback.js/widget.min.js:0
[  163892ms] [ERROR] Failed to load resource: net::ERR_NAME_NOT_RESOLVED @ https://d1agz031tafz8n.cloudfront.net/thedaywefightback.js/widget.min.js:0
[  164593ms] [ERROR] Failed to load resource: net::ERR_NAME_NOT_RESOLVED @ https://d1agz031tafz8n.cloudfront.net/thedaywefightback.js/widget.min.js:0
[  165218ms] [ERROR] TypeError: Cannot read properties of null (reading 'sendMessage')
    at ft.sendMessage (https://www.gstatic.com/og/_/js/k=og.asy.en_US.jfVkJuTs80Y.2019.O/rt=j/m=_ac,_awd,ada,lldp,qads/exm=/d=1/ed=1/rs=AA2YrTtgSW9RJdXIYWwcYAK_1YQaAJwqZA:459:482)
    at ft.Rd (https://www.gstatic.com/og/_/js/k=og.asy.en_US.jfVkJuTs80Y.2019.O/rt=j/m=_ac,_awd,ada,lldp,qads/exm=/d=1/ed=1/rs=AA2YrTtgSW9RJdXIYWwcYAK_1YQaAJwqZA:470:17)
    at X.C (https://www.gstatic.com/og/_/js/k=og.asy.en_US.jfVkJuTs80Y.2019.O/rt=j/m=_ac,_awd,ada,lldp,qads/exm=/d=1/ed=1/rs=AA2YrTtgSW9RJdXIYWwcYAK_1YQaAJwqZA:530:314)
    at oMd (https://www.google.com/xjs/_/js/k=xjs.s.en_GB.W_yqaqd9O-4.2019.O/ck=xjs.s.oURiiuQ3waI.L.B1.O/am=AAAQAAAABAEAAAAAAAAAAAAQAIAIAAAAAAAAAAAAAAAAAAAAgAAgAAAAAQAAAAAAAAAAAAEAAAAAEAAAAAAAhBAAAAIAAEEABAAAgBIAIAAAEAmIAMAEAAAAAAAAABTqAwgAYAAAAAAAwAOAAUIEAAAAAAAAAAAAECBAAAJIAAAAAAAAAAABAAAAABAAAAAAAQAAAAAGAAQAAAEkAQAAACoUAABAAABAAAAAAAAAAAAARBAgAAAAIAEJAADgb_MN9AAAAABgAAAAAAAABAAAAAAAAAAIAAAAwEAiDTAAAAAAAIAwYgEQAADBAAAAAUBAAAQAAAAAAAAAgQRAAAAEDAAQAACAAQAAAAAAAAAICCAIhQAACAAKQEAAAUAA4AAQAAAAAAAAgIAAAAAAAEAAAEAAAAICEAIIAAAAAAAFAAAACkAAAABADgAAAAAAAAAEEgAIQACAEWQAABIFABABAAgQwIAAABEAAAAAoAAIIMEPAARAAAAAAACAEwAAAABAQAAAAAAJAFgCgQAAAwAAAIAcAI8H4BBBAQAAAAAAAAAAAAAAAAAAAAAAAAAIgAIYB5JfEAABAAAAAAAAAAAAAAAAAAAAAAAAAAAAgBThKQAAAAAAgK0BAAE/d=0/dg=0/br=1/ujg=1/rs=ACT90oHvSLqM1bhmIbTpcBPiuDfa7I6lGw/cb=loaded_h_0/m=sy96,byfTOb,lsjVmc,LEikZe,sy94,kWgXee,ovKuLd,sgY6Zb,qafBPd,ebZ3mb,dowIGb,sy69q,sy3dx,DpX64d,uKlGbf,sy69r,EufiNb,sy1ml,gHhSjd,sy1mo,uUzMF,kN1Sic,sy1ms,sy1mp,Zby8rf,sy9qi,sy5li,zmptHf,sy3i4,w4UyN,sy3uo,sy3tk,sy3um,sy9mj,sy9mi,sy9mh,sy854,sy7y1,sy7wn,sy7v8,sy7v5,sy7u1,sy7t9,sy7g8,sy789,sy75u,sy70m,sy708,sy707,sy706,sy6yn,sy6yk,sy6yj,sy6ya,sy6ws,sy6t2,sy6rq,sy6ro,sy6rc,sy6iz,sy5w0,sy5vu,sy4y0,sy4sv,sy4g6,sy4dj,sy4cz,sy4cu,sy3uy,sy3u8,sy29r,sy29q,mGCtob,Snahre,sy1qx,sy9mg,QtOnSd,kNibNd,phtgnf,hvtMT,u09RR,HTSAKd,sy5p5,sy3uu,yMpBcb,sy3t8,y9WHyc,NJJMEe,QMVPaf,L8KGxe,wV5Pjc,ZNKFGf,sy1qu,sy1ue,sy1qw,g9xvRd,sy3uw,sy3uv,sy3v2,sy3ux,sy5f0,sy54n,sy4ze,sy4by,sy3v1,sy3ut,sy3ur,PJdUfd,sy3u9,sy18h,sy17y,sy3ua,sy3ub,sy3t9,sy17n,sy17k,sy17j,sy15y,sy17l,sy17a,sy17b,sy179,sy172,sy173,sy171,sy170,sy17o,sy17p,sy177,sy178,sy16z,sy174,sy1bk,sy39t,sy13q,sy13r,syhg,sy3uq,sy3u3,sy2qh,syuw,sy3u4,sy3ud,sy3u2,sy3tl,sy3in,sy3im,sy3ih,sy22p,Sp69O,OoK5v,PMS6Sd,rmWaj,KkR2Z,Um3uqc,syzu,syxv,sywd,Mbif2,ipWLfe,sy352,sy351,Kqhykb,CIZTGb,sy1qt,sy1qq,sy1qr,sy1qn,sy1qo,sy1ql,HIg7cd,syzx,QVaUhf,sy1r1,sy1r0,sy1qy,sy1qz,SJpD2c,eAR4Hf,sy6a9,nN2e1e,kQvlef,sy38p,WlNQGd,sy1wh,sy1xf,Tia57b,KpRAue,X8jtef,sy6aa,OXpAmf,sy5pu,sy37m,sy15l,syv7,syp5,sy1vb,sy1v9,sy1vc,sy5pt?cb=121509378&xjs=s3:612:154)
    at https://www.google.com/xjs/_/js/k=xjs.s.en_GB.W_yqaqd9O-4.2019.O/ck=xjs.s.oURiiuQ3waI.L.B1.O/am=AAAQAAAABAEAAAAAAAAAAAAQAIAIAAAAAAAAAAAAAAAAAAAAgAAgAAAAAQAAAAAAAAAAAAEAAAAAEAAAAAAAhBAAAAIAAEEABAAAgBIAIAAAEAmIAMAEAAAAAAAAABTqAwgAYAAAAAAAwAOAAUIEAAAAAAAAAAAAECBAAAJIAAAAAAAAAAABAAAAABAAAAAAAQAAAAAGAAQAAAEkAQAAACoUAABAAABAAAAAAAAAAAAARBAgAAAAIAEJAADgb_MN9AAAAABgAAAAAAAABAAAAAAAAAAIAAAAwEAiDTAAAAAAAIAwYgEQAADBAAAAAUBAAAQAAAAAAAAAgQRAAAAEDAAQAACAAQAAAAAAAAAICCAIhQAACAAKQEAAAUAA4AAQAAAAAAAAgIAAAAAAAEAAAEAAAAICEAIIAAAAAAAFAAAACkAAAABADgAAAAAAAAAEEgAIQACAEWQAABIFABABAAgQwIAAABEAAAAAoAAIIMEPAARAAAAAAACAEwAAAABAQAAAAAAJAFgCgQAAAwAAAIAcAI8H4BBBAQAAAAAAAAAAAAAAAAAAAAAAAAAIgAIYB5JfEAABAAAAAAAAAAAAAAAAAAAAAAAAAAAAgBThKQAAAAAAgK0BAAE/d=0/dg=0/br=1/ujg=1/rs=ACT90oHvSLqM1bhmIbTpcBPiuDfa7I6lGw/cb=loaded_h_0/m=sy96,byfTOb,lsjVmc,LEikZe,sy94,kWgXee,ovKuLd,sgY6Zb,qafBPd,ebZ3mb,dowIGb,sy69q,sy3dx,DpX64d,uKlGbf,sy69r,EufiNb,sy1ml,gHhSjd,sy1mo,uUzMF,kN1Sic,sy1ms,sy1mp,Zby8rf,sy9qi,sy5li,zmptHf,sy3i4,w4UyN,sy3uo,sy3tk,sy3um,sy9mj,sy9mi,sy9mh,sy854,sy7y1,sy7wn,sy7v8,sy7v5,sy7u1,sy7t9,sy7g8,sy789,sy75u,sy70m,sy708,sy707,sy706,sy6yn,sy6yk,sy6yj,sy6ya,sy6ws,sy6t2,sy6rq,sy6ro,sy6rc,sy6iz,sy5w0,sy5vu,sy4y0,sy4sv,sy4g6,sy4dj,sy4cz,sy4cu,sy3uy,sy3u8,sy29r,sy29q,mGCtob,Snahre,sy1qx,sy9mg,QtOnSd,kNibNd,phtgnf,hvtMT,u09RR,HTSAKd,sy5p5,sy3uu,yMpBcb,sy3t8,y9WHyc,NJJMEe,QMVPaf,L8KGxe,wV5Pjc,ZNKFGf,sy1qu,sy1ue,sy1qw,g9xvRd,sy3uw,sy3uv,sy3v2,sy3ux,sy5f0,sy54n,sy4ze,sy4by,sy3v1,sy3ut,sy3ur,PJdUfd,sy3u9,sy18h,sy17y,sy3ua,sy3ub,sy3t9,sy17n,sy17k,sy17j,sy15y,sy17l,sy17a,sy17b,sy179,sy172,sy173,sy171,sy170,sy17o,sy17p,sy177,sy178,sy16z,sy174,sy1bk,sy39t,sy13q,sy13r,syhg,sy3uq,sy3u3,sy2qh,syuw,sy3u4,sy3ud,sy3u2,sy3tl,sy3in,sy3im,sy3ih,sy22p,Sp69O,OoK5v,PMS6Sd,rmWaj,KkR2Z,Um3uqc,syzu,syxv,sywd,Mbif2,ipWLfe,sy352,sy351,Kqhykb,CIZTGb,sy1qt,sy1qq,sy1qr,sy1qn,sy1qo,sy1ql,HIg7cd,syzx,QVaUhf,sy1r1,sy1r0,sy1qy,sy1qz,SJpD2c,eAR4Hf,sy6a9,nN2e1e,kQvlef,sy38p,WlNQGd,sy1wh,sy1xf,Tia57b,KpRAue,X8jtef,sy6aa,OXpAmf,sy5pu,sy37m,sy15l,syv7,syp5,sy1vb,sy1v9,sy1vc,sy5pt?cb=121509378&xjs=s3:613:30
    at https://www.google.com/xjs/_/js/k=xjs.s.en_GB.W_yqaqd9O-4.2019.O/ck=xjs.s.oURiiuQ3waI.L.B1.O/am=AAAQAAAABAEAAAAAAAAAAAAQAIAIAAAAAAAAAAAAAAAAAAAAgAAgAAAAAQAAAAAAAAAAAAEAAAAAEAAAAAAAhBAAAAIAAEEABAAAgBIAIAAAEAmIAMAEAAAAAAAAABTqAwgAYAAAAAAAwAOAAUIEAAAAAAAAAAAAECBAAAJIAAAAAAAAAAABAAAAABAAAAAAAQAAAAAGAAQAAAEkAQAAACoUAABAAABAAAAAAAAAAAAARBAgAAAAIAEJAADgb_MN9AAAAABgAAAAAAAABAAAAAAAAAAIAAAAwEAiDTAAAAAAAIAwYgEQAADBAAAAAUBAAAQAAAAAAAAAgQRAAAAEDAAQAACAAQAAAAAAAAAICCAIhQAACAAKQEAAAUAA4AAQAAAAAAAAgIAAAAAAAEAAAEAAAAICEAIIAAAAAAAFAAAACkAAAABADgAAAAAAAAAEEgAIQACAEWQAABIFABABAAgQwIAAABEAAAAAoAAIIMEPAARAAAAAAACAEwAAAABAQAAAAAAJAFgCgQAAAwAAAIAcAI8H4BBBAQAAAAAAAAAAAAAAAAAAAAAAAAAIgAIYB5JfEAABAAAAAAAAAAAAAAAAAAAAAAAAAAAAgBThKQAAAAAAgK0BAAE/d=0/dg=0/br=1/ujg=1/rs=ACT90oHvSLqM1bhmIbTpcBPiuDfa7I6lGw/cb=loaded_h_0/m=sy96,byfTOb,lsjVmc,LEikZe,sy94,kWgXee,ovKuLd,sgY6Zb,qafBPd,ebZ3mb,dowIGb,sy69q,sy3dx,DpX64d,uKlGbf,sy69r,EufiNb,sy1ml,gHhSjd,sy1mo,uUzMF,kN1Sic,sy1ms,sy1mp,Zby8rf,sy9qi,sy5li,zmptHf,sy3i4,w4UyN,sy3uo,sy3tk,sy3um,sy9mj,sy9mi,sy9mh,sy854,sy7y1,sy7wn,sy7v8,sy7v5,sy7u1,sy7t9,sy7g8,sy789,sy75u,sy70m,sy708,sy707,sy706,sy6yn,sy6yk,sy6yj,sy6ya,sy6ws,sy6t2,sy6rq,sy6ro,sy6rc,sy6iz,sy5w0,sy5vu,sy4y0,sy4sv,sy4g6,sy4dj,sy4cz,sy4cu,sy3uy,sy3u8,sy29r,sy29q,mGCtob,Snahre,sy1qx,sy9mg,QtOnSd,kNibNd,phtgnf,hvtMT,u09RR,HTSAKd,sy5p5,sy3uu,yMpBcb,sy3t8,y9WHyc,NJJMEe,QMVPaf,L8KGxe,wV5Pjc,ZNKFGf,sy1qu,sy1ue,sy1qw,g9xvRd,sy3uw,sy3uv,sy3v2,sy3ux,sy5f0,sy54n,sy4ze,sy4by,sy3v1,sy3ut,sy3ur,PJdUfd,sy3u9,sy18h,sy17y,sy3ua,sy3ub,sy3t9,sy17n,sy17k,sy17j,sy15y,sy17l,sy17a,sy17b,sy179,sy172,sy173,sy171,sy170,sy17o,sy17p,sy177,sy178,sy16z,sy174,sy1bk,sy39t,sy13q,sy13r,syhg,sy3uq,sy3u3,sy2qh,syuw,sy3u4,sy3ud,sy3u2,sy3tl,sy3in,sy3im,sy3ih,sy22p,Sp69O,OoK5v,PMS6Sd,rmWaj,KkR2Z,Um3uqc,syzu,syxv,sywd,Mbif2,ipWLfe,sy352,sy351,Kqhykb,CIZTGb,sy1qt,sy1qq,sy1qr,sy1qn,sy1qo,sy1ql,HIg7cd,syzx,QVaUhf,sy1r1,sy1r0,sy1qy,sy1qz,SJpD2c,eAR4Hf,sy6a9,nN2e1e,kQvlef,sy38p,WlNQGd,sy1wh,sy1xf,Tia57b,KpRAue,X8jtef,sy6aa,OXpAmf,sy5pu,sy37m,sy15l,syv7,syp5,sy1vb,sy1v9,sy1vc,sy5pt?cb=121509378&xjs=s3:572:932
    at _.Nh.v (https://www.gstatic.com/og/_/js/k=og.asy.en_US.jfVkJuTs80Y.2019.O/rt=j/m=_ac,_awd,ada,lldp,qads/exm=/d=1/ed=1/rs=AA2YrTtgSW9RJdXIYWwcYAK_1YQaAJwqZA:128:285)
    at Array.forEach (<anonymous>)
    at _.Vd (https://www.gstatic.com/og/_/js/k=og.asy.en_US.jfVkJuTs80Y.2019.O/rt=j/m=_ac,_awd,ada,lldp,qads/exm=/d=1/ed=1/rs=AA2YrTtgSW9RJdXIYWwcYAK_1YQaAJwqZA:69:881)
    at Ph (https://www.gstatic.com/og/_/js/k=og.asy.en_US.jfVkJuTs80Y.2019.O/rt=j/m=_ac,_awd,ada,lldp,qads/exm=/d=1/ed=1/rs=AA2YrTtgSW9RJdXIYWwcYAK_1YQaAJwqZA:127:680) @ https://www.gstatic.com/og/_/js/k=og.asy.en_US.jfVkJuTs80Y.2019.O/rt=j/m=_ac,_awd,ada,lldp,qads/exm=/d=1/ed=1/rs=AA2YrTtgSW9RJdXIYWwcYAK_1YQaAJwqZA:126
[  180490ms] [ERROR] TypeError: Cannot read properties of null (reading 'sendMessage')
    at ft.sendMessage (https://www.gstatic.com/og/_/js/k=og.asy.en_US.jfVkJuTs80Y.2019.O/rt=j/m=_ac,_awd,ada,lldp,qads/exm=/d=1/ed=1/rs=AA2YrTtgSW9RJdXIYWwcYAK_1YQaAJwqZA:459:482)
    at ft.Rd (https://www.gstatic.com/og/_/js/k=og.asy.en_US.jfVkJuTs80Y.2019.O/rt=j/m=_ac,_awd,ada,lldp,qads/exm=/d=1/ed=1/rs=AA2YrTtgSW9RJdXIYWwcYAK_1YQaAJwqZA:470:17)
    at X.C (https://www.gstatic.com/og/_/js/k=og.asy.en_US.jfVkJuTs80Y.2019.O/rt=j/m=_ac,_awd,ada,lldp,qads/exm=/d=1/ed=1/rs=AA2YrTtgSW9RJdXIYWwcYAK_1YQaAJwqZA:530:314)
    at oMd (https://www.google.com/xjs/_/js/k=xjs.s.en_GB.W_yqaqd9O-4.2019.O/ck=xjs.s.oURiiuQ3waI.L.B1.O/am=AAAQAAAABAEAAAAAAAAAAAAQAIAIAAAAAAAAAAAAAAAAAAAAgAAgAAAAAQAAAAAAAAAAAAEAAAAAEAAAAAAAhBAAAAIAAEEABAAAgBIAIAAAEAmIAMAEAAAAAAAAABTqAwgAYAAAAAAAwAOAAUIEAAAAAAAAAAAAECBAAAJIAAAAAAAAAAABAAAAABAAAAAAAQAAAAAGAAQAAAEkAQAAACoUAABAAABAAAAAAAAAAAAARBAgAAAAIAEJAADgb_MN9AAAAABgAAAAAAAABAAAAAAAAAAIAAAAwEAiDTAAAAAAAIAwYgEQAADBAAAAAUBAAAQAAAAAAAAAgQRAAAAEDAAQAACAAQAAAAAAAAAICCAIhQAACAAKQEAAAUAA4AAQAAAAAAAAgIAAAAAAAEAAAEAAAAICEAIIAAAAAAAFAAAACkAAAABADgAAAAAAAAAEEgAIQACAEWQAABIFABABAAgQwIAAABEAAAAAoAAIIMEPAARAAAAAAACAEwAAAABAQAAAAAAJAFgCgQAAAwAAAIAcAI8H4BBBAQAAAAAAAAAAAAAAAAAAAAAAAAAIgAIYB5JfEAABAAAAAAAAAAAAAAAAAAAAAAAAAAAAgBThKQAAAAAAgK0BAAE/d=0/dg=0/br=1/ujg=1/rs=ACT90oHvSLqM1bhmIbTpcBPiuDfa7I6lGw/cb=loaded_h_0/m=sy96,byfTOb,lsjVmc,LEikZe,sy94,kWgXee,ovKuLd,sgY6Zb,qafBPd,ebZ3mb,dowIGb,sy69q,sy3dx,DpX64d,uKlGbf,sy69r,EufiNb,sy1ml,gHhSjd,sy1mo,uUzMF,kN1Sic,sy1ms,sy1mp,Zby8rf,sy9qi,sy5li,zmptHf,sy3i4,w4UyN,sy3uo,sy3tk,sy3um,sy9mj,sy9mi,sy9mh,sy854,sy7y1,sy7wn,sy7v8,sy7v5,sy7u1,sy7t9,sy7g8,sy789,sy75u,sy70m,sy708,sy707,sy706,sy6yn,sy6yk,sy6yj,sy6ya,sy6ws,sy6t2,sy6rq,sy6ro,sy6rc,sy6iz,sy5w0,sy5vu,sy4y0,sy4sv,sy4g6,sy4dj,sy4cz,sy4cu,sy3uy,sy3u8,sy29r,sy29q,mGCtob,Snahre,sy1qx,sy9mg,QtOnSd,kNibNd,phtgnf,hvtMT,u09RR,HTSAKd,sy5p5,sy3uu,yMpBcb,sy3t8,y9WHyc,NJJMEe,QMVPaf,L8KGxe,wV5Pjc,ZNKFGf,sy1qu,sy1ue,sy1qw,g9xvRd,sy3uw,sy3uv,sy3v2,sy3ux,sy5f0,sy54n,sy4ze,sy4by,sy3v1,sy3ut,sy3ur,PJdUfd,sy3u9,sy18h,sy17y,sy3ua,sy3ub,sy3t9,sy17n,sy17k,sy17j,sy15y,sy17l,sy17a,sy17b,sy179,sy172,sy173,sy171,sy170,sy17o,sy17p,sy177,sy178,sy16z,sy174,sy1bk,sy39t,sy13q,sy13r,syhg,sy3uq,sy3u3,sy2qh,syuw,sy3u4,sy3ud,sy3u2,sy3tl,sy3in,sy3im,sy3ih,sy22p,Sp69O,OoK5v,PMS6Sd,rmWaj,KkR2Z,Um3uqc,syzu,syxv,sywd,Mbif2,ipWLfe,sy352,sy351,Kqhykb,CIZTGb,sy1qt,sy1qq,sy1qr,sy1qn,sy1qo,sy1ql,HIg7cd,syzx,QVaUhf,sy1r1,sy1r0,sy1qy,sy1qz,SJpD2c,eAR4Hf,sy6a9,nN2e1e,kQvlef,sy38p,WlNQGd,sy1wh,sy1xf,Tia57b,KpRAue,X8jtef,sy6aa,OXpAmf,sy5pu,sy37m,sy15l,syv7,syp5,sy1vb,sy1v9,sy1vc,sy5pt?cb=121509378&xjs=s3:612:154)
    at https://www.google.com/xjs/_/js/k=xjs.s.en_GB.W_yqaqd9O-4.2019.O/ck=xjs.s.oURiiuQ3waI.L.B1.O/am=AAAQAAAABAEAAAAAAAAAAAAQAIAIAAAAAAAAAAAAAAAAAAAAgAAgAAAAAQAAAAAAAAAAAAEAAAAAEAAAAAAAhBAAAAIAAEEABAAAgBIAIAAAEAmIAMAEAAAAAAAAABTqAwgAYAAAAAAAwAOAAUIEAAAAAAAAAAAAECBAAAJIAAAAAAAAAAABAAAAABAAAAAAAQAAAAAGAAQAAAEkAQAAACoUAABAAABAAAAAAAAAAAAARBAgAAAAIAEJAADgb_MN9AAAAABgAAAAAAAABAAAAAAAAAAIAAAAwEAiDTAAAAAAAIAwYgEQAADBAAAAAUBAAAQAAAAAAAAAgQRAAAAEDAAQAACAAQAAAAAAAAAICCAIhQAACAAKQEAAAUAA4AAQAAAAAAAAgIAAAAAAAEAAAEAAAAICEAIIAAAAAAAFAAAACkAAAABADgAAAAAAAAAEEgAIQACAEWQAABIFABABAAgQwIAAABEAAAAAoAAIIMEPAARAAAAAAACAEwAAAABAQAAAAAAJAFgCgQAAAwAAAIAcAI8H4BBBAQAAAAAAAAAAAAAAAAAAAAAAAAAIgAIYB5JfEAABAAAAAAAAAAAAAAAAAAAAAAAAAAAAgBThKQAAAAAAgK0BAAE/d=0/dg=0/br=1/ujg=1/rs=ACT90oHvSLqM1bhmIbTpcBPiuDfa7I6lGw/cb=loaded_h_0/m=sy96,byfTOb,lsjVmc,LEikZe,sy94,kWgXee,ovKuLd,sgY6Zb,qafBPd,ebZ3mb,dowIGb,sy69q,sy3dx,DpX64d,uKlGbf,sy69r,EufiNb,sy1ml,gHhSjd,sy1mo,uUzMF,kN1Sic,sy1ms,sy1mp,Zby8rf,sy9qi,sy5li,zmptHf,sy3i4,w4UyN,sy3uo,sy3tk,sy3um,sy9mj,sy9mi,sy9mh,sy854,sy7y1,sy7wn,sy7v8,sy7v5,sy7u1,sy7t9,sy7g8,sy789,sy75u,sy70m,sy708,sy707,sy706,sy6yn,sy6yk,sy6yj,sy6ya,sy6ws,sy6t2,sy6rq,sy6ro,sy6rc,sy6iz,sy5w0,sy5vu,sy4y0,sy4sv,sy4g6,sy4dj,sy4cz,sy4cu,sy3uy,sy3u8,sy29r,sy29q,mGCtob,Snahre,sy1qx,sy9mg,QtOnSd,kNibNd,phtgnf,hvtMT,u09RR,HTSAKd,sy5p5,sy3uu,yMpBcb,sy3t8,y9WHyc,NJJMEe,QMVPaf,L8KGxe,wV5Pjc,ZNKFGf,sy1qu,sy1ue,sy1qw,g9xvRd,sy3uw,sy3uv,sy3v2,sy3ux,sy5f0,sy54n,sy4ze,sy4by,sy3v1,sy3ut,sy3ur,PJdUfd,sy3u9,sy18h,sy17y,sy3ua,sy3ub,sy3t9,sy17n,sy17k,sy17j,sy15y,sy17l,sy17a,sy17b,sy179,sy172,sy173,sy171,sy170,sy17o,sy17p,sy177,sy178,sy16z,sy174,sy1bk,sy39t,sy13q,sy13r,syhg,sy3uq,sy3u3,sy2qh,syuw,sy3u4,sy3ud,sy3u2,sy3tl,sy3in,sy3im,sy3ih,sy22p,Sp69O,OoK5v,PMS6Sd,rmWaj,KkR2Z,Um3uqc,syzu,syxv,sywd,Mbif2,ipWLfe,sy352,sy351,Kqhykb,CIZTGb,sy1qt,sy1qq,sy1qr,sy1qn,sy1qo,sy1ql,HIg7cd,syzx,QVaUhf,sy1r1,sy1r0,sy1qy,sy1qz,SJpD2c,eAR4Hf,sy6a9,nN2e1e,kQvlef,sy38p,WlNQGd,sy1wh,sy1xf,Tia57b,KpRAue,X8jtef,sy6aa,OXpAmf,sy5pu,sy37m,sy15l,syv7,syp5,sy1vb,sy1v9,sy1vc,sy5pt?cb=121509378&xjs=s3:613:30
    at https://www.google.com/xjs/_/js/k=xjs.s.en_GB.W_yqaqd9O-4.2019.O/ck=xjs.s.oURiiuQ3waI.L.B1.O/am=AAAQAAAABAEAAAAAAAAAAAAQAIAIAAAAAAAAAAAAAAAAAAAAgAAgAAAAAQAAAAAAAAAAAAEAAAAAEAAAAAAAhBAAAAIAAEEABAAAgBIAIAAAEAmIAMAEAAAAAAAAABTqAwgAYAAAAAAAwAOAAUIEAAAAAAAAAAAAECBAAAJIAAAAAAAAAAABAAAAABAAAAAAAQAAAAAGAAQAAAEkAQAAACoUAABAAABAAAAAAAAAAAAARBAgAAAAIAEJAADgb_MN9AAAAABgAAAAAAAABAAAAAAAAAAIAAAAwEAiDTAAAAAAAIAwYgEQAADBAAAAAUBAAAQAAAAAAAAAgQRAAAAEDAAQAACAAQAAAAAAAAAICCAIhQAACAAKQEAAAUAA4AAQAAAAAAAAgIAAAAAAAEAAAEAAAAICEAIIAAAAAAAFAAAACkAAAABADgAAAAAAAAAEEgAIQACAEWQAABIFABABAAgQwIAAABEAAAAAoAAIIMEPAARAAAAAAACAEwAAAABAQAAAAAAJAFgCgQAAAwAAAIAcAI8H4BBBAQAAAAAAAAAAAAAAAAAAAAAAAAAIgAIYB5JfEAABAAAAAAAAAAAAAAAAAAAAAAAAAAAAgBThKQAAAAAAgK0BAAE/d=0/dg=0/br=1/ujg=1/rs=ACT90oHvSLqM1bhmIbTpcBPiuDfa7I6lGw/cb=loaded_h_0/m=sy96,byfTOb,lsjVmc,LEikZe,sy94,kWgXee,ovKuLd,sgY6Zb,qafBPd,ebZ3mb,dowIGb,sy69q,sy3dx,DpX64d,uKlGbf,sy69r,EufiNb,sy1ml,gHhSjd,sy1mo,uUzMF,kN1Sic,sy1ms,sy1mp,Zby8rf,sy9qi,sy5li,zmptHf,sy3i4,w4UyN,sy3uo,sy3tk,sy3um,sy9mj,sy9mi,sy9mh,sy854,sy7y1,sy7wn,sy7v8,sy7v5,sy7u1,sy7t9,sy7g8,sy789,sy75u,sy70m,sy708,sy707,sy706,sy6yn,sy6yk,sy6yj,sy6ya,sy6ws,sy6t2,sy6rq,sy6ro,sy6rc,sy6iz,sy5w0,sy5vu,sy4y0,sy4sv,sy4g6,sy4dj,sy4cz,sy4cu,sy3uy,sy3u8,sy29r,sy29q,mGCtob,Snahre,sy1qx,sy9mg,QtOnSd,kNibNd,phtgnf,hvtMT,u09RR,HTSAKd,sy5p5,sy3uu,yMpBcb,sy3t8,y9WHyc,NJJMEe,QMVPaf,L8KGxe,wV5Pjc,ZNKFGf,sy1qu,sy1ue,sy1qw,g9xvRd,sy3uw,sy3uv,sy3v2,sy3ux,sy5f0,sy54n,sy4ze,sy4by,sy3v1,sy3ut,sy3ur,PJdUfd,sy3u9,sy18h,sy17y,sy3ua,sy3ub,sy3t9,sy17n,sy17k,sy17j,sy15y,sy17l,sy17a,sy17b,sy179,sy172,sy173,sy171,sy170,sy17o,sy17p,sy177,sy178,sy16z,sy174,sy1bk,sy39t,sy13q,sy13r,syhg,sy3uq,sy3u3,sy2qh,syuw,sy3u4,sy3ud,sy3u2,sy3tl,sy3in,sy3im,sy3ih,sy22p,Sp69O,OoK5v,PMS6Sd,rmWaj,KkR2Z,Um3uqc,syzu,syxv,sywd,Mbif2,ipWLfe,sy352,sy351,Kqhykb,CIZTGb,sy1qt,sy1qq,sy1qr,sy1qn,sy1qo,sy1ql,HIg7cd,syzx,QVaUhf,sy1r1,sy1r0,sy1qy,sy1qz,SJpD2c,eAR4Hf,sy6a9,nN2e1e,kQvlef,sy38p,WlNQGd,sy1wh,sy1xf,Tia57b,KpRAue,X8jtef,sy6aa,OXpAmf,sy5pu,sy37m,sy15l,syv7,syp5,sy1vb,sy1v9,sy1vc,sy5pt?cb=121509378&xjs=s3:572:932
    at _.Nh.v (https://www.gstatic.com/og/_/js/k=og.asy.en_US.jfVkJuTs80Y.2019.O/rt=j/m=_ac,_awd,ada,lldp,qads/exm=/d=1/ed=1/rs=AA2YrTtgSW9RJdXIYWwcYAK_1YQaAJwqZA:128:285)
    at Array.forEach (<anonymous>)
    at _.Vd (https://www.gstatic.com/og/_/js/k=og.asy.en_US.jfVkJuTs80Y.2019.O/rt=j/m=_ac,_awd,ada,lldp,qads/exm=/d=1/ed=1/rs=AA2YrTtgSW9RJdXIYWwcYAK_1YQaAJwqZA:69:881)
    at Ph (https://www.gstatic.com/og/_/js/k=og.asy.en_US.jfVkJuTs80Y.2019.O/rt=j/m=_ac,_awd,ada,lldp,qads/exm=/d=1/ed=1/rs=AA2YrTtgSW9RJdXIYWwcYAK_1YQaAJwqZA:127:680) @ https://www.gstatic.com/og/_/js/k=og.asy.en_US.jfVkJuTs80Y.2019.O/rt=j/m=_ac,_awd,ada,lldp,qads/exm=/d=1/ed=1/rs=AA2YrTtgSW9RJdXIYWwcYAK_1YQaAJwqZA:126
[  182537ms] [ERROR] Failed to load resource: the server responded with a status of 429 () @ https://md5hashing.net/manifest.webmanifest:0
[  182541ms] [ERROR] Manifest fetch from https://md5hashing.net/manifest.webmanifest failed, code 429 @ https://md5hashing.net/hash:0
[  182733ms] [ERROR] WebSocket connection to 'wss://md5hashing.net/sockjs/172/jcpl947z/websocket' failed: Error during WebSocket handshake: Unexpected response code: 429 @ https://md5hashing.net/40aeae7db80ced6d302a19a934303ed68d042c5e.js?meteor_js_resource=true:46
[  182786ms] [ERROR] Failed to load resource: the server responded with a status of 429 () @ https://md5hashing.net/sockjs/172/n7m9jwa8/xhr:0
[  182900ms] [ERROR] Failed to load resource: the server responded with a status of 429 () @ https://md5hashing.net/sockjs/info?cb=yd0xo0m4il:0
[  182932ms] [ERROR] Failed to load resource: the server responded with a status of 429 () @ https://md5hashing.net/sockjs/info?cb=yqdkv4a_o_:0
[  183419ms] [ERROR] Failed to load resource: the server responded with a status of 429 () @ https://md5hashing.net/manifest.webmanifest:0
[  183419ms] [ERROR] Failed to load resource: the server responded with a status of 429 () @ https://md5hashing.net/favicon-32x32.png:0
[  183427ms] [ERROR] Manifest fetch from https://md5hashing.net/manifest.webmanifest failed, code 429 @ https://md5hashing.net/hash:0
[  183428ms] [ERROR] A bad HTTP response code (429) was received when fetching the script. @ :0
[  183429ms] [INFO] Can't load SW @ https://md5hashing.net/40aeae7db80ced6d302a19a934303ed68d042c5e.js?meteor_js_resource=true:160
[  183429ms] [ERROR] TypeError: Failed to register a ServiceWorker for scope ('https://md5hashing.net/') with script ('https://md5hashing.net/sw-3.min.js'): A bad HTTP response code (429) was received when fetching the script. @ https://md5hashing.net/40aeae7db80ced6d302a19a934303ed68d042c5e.js?meteor_js_resource=true:160
[  183457ms] [ERROR] Failed to load resource: the server responded with a status of 429 () @ https://md5hashing.net/favicon-16x16.png:0
[  183486ms] [ERROR] Failed to load resource: the server responded with a status of 429 () @ https://md5hashing.net/android-chrome-192x192.png:0
[  183539ms] [ERROR] Failed to load resource: the server responded with a status of 429 () @ https://md5hashing.net/favicon-194x194.png:0
[  187109ms] [ERROR] Attestation check for Shared Storage on https://www.googleadservices.com failed. @ https://www.googleadservices.com/pagead/managed/js/activeview/current/reach_worklet.html:0
[  187113ms] [ERROR] Attestation check for Shared Storage on https://www.googleadservices.com failed. @ https://www.googleadservices.com/pagead/managed/js/activeview/current/reach_worklet.html:0
[  187114ms] [ERROR] Attestation check for Shared Storage on https://www.googleadservices.com failed. @ https://www.googleadservices.com/pagead/managed/js/activeview/current/reach_worklet.html:0
[  187116ms] [ERROR] Attestation check for Shared Storage on https://www.googleadservices.com failed. @ https://www.googleadservices.com/pagead/managed/js/activeview/current/reach_worklet.html:0
[  187118ms] [ERROR] Attestation check for Shared Storage on https://www.googleadservices.com failed. @ https://www.googleadservices.com/pagead/managed/js/activeview/current/reach_worklet.html:0
[  187109ms] [ERROR] Attestation check for Shared Storage on https://www.googleadservices.com failed. @ https://www.googleadservices.com/pagead/managed/js/activeview/current/reach_worklet.html:0
[  187113ms] [ERROR] Attestation check for Shared Storage on https://www.googleadservices.com failed. @ https://www.googleadservices.com/pagead/managed/js/activeview/current/reach_worklet.html:0
[  187114ms] [ERROR] Attestation check for Shared Storage on https://www.googleadservices.com failed. @ https://www.googleadservices.com/pagead/managed/js/activeview/current/reach_worklet.html:0
[  187116ms] [ERROR] Attestation check for Shared Storage on https://www.googleadservices.com failed. @ https://www.googleadservices.com/pagead/managed/js/activeview/current/reach_worklet.html:0
[  187118ms] [ERROR] Attestation check for Shared Storage on https://www.googleadservices.com failed. @ https://www.googleadservices.com/pagead/managed/js/activeview/current/reach_worklet.html:0
[  187166ms] [ERROR] Attestation check for Shared Storage on https://www.googleadservices.com failed. @ https://www.googleadservices.com/pagead/managed/js/activeview/current/reach_worklet.html:0
[  187563ms] [ERROR] Failed to load resource: the server responded with a status of 429 () @ https://md5hashing.net/sockjs/info?cb=22wcpyvljg:0
[  187109ms] [ERROR] Attestation check for Shared Storage on https://www.googleadservices.com failed. @ https://www.googleadservices.com/pagead/managed/js/activeview/current/reach_worklet.html:0
[  187113ms] [ERROR] Attestation check for Shared Storage on https://www.googleadservices.com failed. @ https://www.googleadservices.com/pagead/managed/js/activeview/current/reach_worklet.html:0
[  187114ms] [ERROR] Attestation check for Shared Storage on https://www.googleadservices.com failed. @ https://www.googleadservices.com/pagead/managed/js/activeview/current/reach_worklet.html:0
[  187116ms] [ERROR] Attestation check for Shared Storage on https://www.googleadservices.com failed. @ https://www.googleadservices.com/pagead/managed/js/activeview/current/reach_worklet.html:0
[  187118ms] [ERROR] Attestation check for Shared Storage on https://www.googleadservices.com failed. @ https://www.googleadservices.com/pagead/managed/js/activeview/current/reach_worklet.html:0
[  187166ms] [ERROR] Attestation check for Shared Storage on https://www.googleadservices.com failed. @ https://www.googleadservices.com/pagead/managed/js/activeview/current/reach_worklet.html:0
[  191303ms] [ERROR] Attestation check for Shared Storage on https://www.googleadservices.com failed. @ https://www.googleadservices.com/pagead/managed/js/activeview/current/reach_worklet.html:0
[  187109ms] [ERROR] Attestation check for Shared Storage on https://www.googleadservices.com failed. @ https://www.googleadservices.com/pagead/managed/js/activeview/current/reach_worklet.html:0
[  187113ms] [ERROR] Attestation check for Shared Storage on https://www.googleadservices.com failed. @ https://www.googleadservices.com/pagead/managed/js/activeview/current/reach_worklet.html:0
[  187114ms] [ERROR] Attestation check for Shared Storage on https://www.googleadservices.com failed. @ https://www.googleadservices.com/pagead/managed/js/activeview/current/reach_worklet.html:0
[  187116ms] [ERROR] Attestation check for Shared Storage on https://www.googleadservices.com failed. @ https://www.googleadservices.com/pagead/managed/js/activeview/current/reach_worklet.html:0
[  187118ms] [ERROR] Attestation check for Shared Storage on https://www.googleadservices.com failed. @ https://www.googleadservices.com/pagead/managed/js/activeview/current/reach_worklet.html:0
[  187166ms] [ERROR] Attestation check for Shared Storage on https://www.googleadservices.com failed. @ https://www.googleadservices.com/pagead/managed/js/activeview/current/reach_worklet.html:0
[  191303ms] [ERROR] Attestation check for Shared Storage on https://www.googleadservices.com failed. @ https://www.googleadservices.com/pagead/managed/js/activeview/current/reach_worklet.html:0
[  605854ms] [ERROR] Attestation check for Shared Storage on https://www.googleadservices.com failed. @ https://www.googleadservices.com/pagead/managed/js/activeview/current/reach_worklet.html:0
[ 2378006ms] [ERROR] Failed to load resource: net::ERR_INTERNET_DISCONNECTED @ https://md5hashing.net/sockjs/info?cb=wn25xoeozm:0
[ 2378021ms] [ERROR] Failed to load resource: net::ERR_INTERNET_DISCONNECTED @ https://md5hashing.net/sockjs/info?cb=xk64six7fm:0
[ 2382279ms] [ERROR] Failed to load resource: net::ERR_INTERNET_DISCONNECTED @ https://md5hashing.net/sockjs/info?cb=bi0e9f7a9a:0
[ 2391192ms] [ERROR] Failed to load resource: net::ERR_INTERNET_DISCONNECTED @ https://md5hashing.net/sockjs/info?cb=s69wwcfx_y:0
[ 3460797ms] [ERROR] Failed to load resource: net::ERR_INTERNET_DISCONNECTED @ https://md5hashing.net/sockjs/info?cb=wvxdftb5s0:0
[ 3537105ms] [ERROR] Failed to load resource: net::ERR_INTERNET_DISCONNECTED @ https://md5hashing.net/sockjs/info?cb=d9kwyzq5er:0
[ 6785875ms] [ERROR] Failed to load resource: net::ERR_INTERNET_DISCONNECTED @ https://md5hashing.net/sockjs/info?cb=8fd_qul2zn:0
[15780738ms] [ERROR] Failed to load resource: net::ERR_INTERNET_DISCONNECTED @ https://md5hashing.net/sockjs/info?cb=cmps4xm186:0
[15780796ms] [ERROR] Failed to load resource: net::ERR_INTERNET_DISCONNECTED @ https://md5hashing.net/sockjs/info?cb=pn_d7sp35u:0
[15786015ms] [ERROR] Failed to load resource: net::ERR_INTERNET_DISCONNECTED @ https://md5hashing.net/sockjs/info?cb=e5pznnry8o:0
[15796645ms] [ERROR] Failed to load resource: net::ERR_INTERNET_DISCONNECTED @ https://md5hashing.net/sockjs/info?cb=hp51hhtpfw:0
